error TS2468: Cannot find global value 'Promise'.
node_modules/.pnpm/@google+generative-ai@0.24.1/node_modules/@google/generative-ai/dist/generative-ai.d.ts(670,13): error TS2583: Cannot find name 'AsyncGenerator'. Do you need to change your target library? Try changing the 'lib' compiler option to 'es2018' or later.
node_modules/.pnpm/@prisma+client@5.22.0_prisma@5.22.0/node_modules/.prisma/client/index.d.ts(496,15): error TS2583: Cannot find name 'BigInt'. Do you need to change your target library? Try changing the 'lib' compiler option to 'es2020' or later.
node_modules/.pnpm/@prisma+client@5.22.0_prisma@5.22.0/node_modules/.prisma/client/index.d.ts(2217,15): error TS2585: 'Symbol' only refers to a type, but is being used as a value here. Do you need to change your target library? Try changing the 'lib' compiler option to es2015 or later.
node_modules/.pnpm/@prisma+client@5.22.0_prisma@5.22.0/node_modules/.prisma/client/index.d.ts(3252,15): error TS2585: 'Symbol' only refers to a type, but is being used as a value here. Do you need to change your target library? Try changing the 'lib' compiler option to es2015 or later.
node_modules/.pnpm/@prisma+client@5.22.0_prisma@5.22.0/node_modules/.prisma/client/index.d.ts(4273,15): error TS2585: 'Symbol' only refers to a type, but is being used as a value here. Do you need to change your target library? Try changing the 'lib' compiler option to es2015 or later.
node_modules/.pnpm/@prisma+client@5.22.0_prisma@5.22.0/node_modules/.prisma/client/index.d.ts(5394,15): error TS2585: 'Symbol' only refers to a type, but is being used as a value here. Do you need to change your target library? Try changing the 'lib' compiler option to es2015 or later.
node_modules/.pnpm/@prisma+client@5.22.0_prisma@5.22.0/node_modules/.prisma/client/index.d.ts(6334,15): error TS2585: 'Symbol' only refers to a type, but is being used as a value here. Do you need to change your target library? Try changing the 'lib' compiler option to es2015 or later.
node_modules/.pnpm/@prisma+client@5.22.0_prisma@5.22.0/node_modules/.prisma/client/index.d.ts(7355,15): error TS2585: 'Symbol' only refers to a type, but is being used as a value here. Do you need to change your target library? Try changing the 'lib' compiler option to es2015 or later.
node_modules/.pnpm/@prisma+client@5.22.0_prisma@5.22.0/node_modules/.prisma/client/index.d.ts(8401,15): error TS2585: 'Symbol' only refers to a type, but is being used as a value here. Do you need to change your target library? Try changing the 'lib' compiler option to es2015 or later.
node_modules/.pnpm/@prisma+client@5.22.0_prisma@5.22.0/node_modules/.prisma/client/index.d.ts(9381,15): error TS2585: 'Symbol' only refers to a type, but is being used as a value here. Do you need to change your target library? Try changing the 'lib' compiler option to es2015 or later.
node_modules/.pnpm/@prisma+client@5.22.0_prisma@5.22.0/node_modules/@prisma/client/runtime/library.d.ts(280,10): error TS2585: 'Symbol' only refers to a type, but is being used as a value here. Do you need to change your target library? Try changing the 'lib' compiler option to es2015 or later.
node_modules/.pnpm/@prisma+client@5.22.0_prisma@5.22.0/node_modules/@prisma/client/runtime/library.d.ts(1584,19): error TS2585: 'Symbol' only refers to a type, but is being used as a value here. Do you need to change your target library? Try changing the 'lib' compiler option to es2015 or later.
node_modules/.pnpm/@prisma+client@5.22.0_prisma@5.22.0/node_modules/@prisma/client/runtime/library.d.ts(2180,23): error TS2583: Cannot find name 'Map'. Do you need to change your target library? Try changing the 'lib' compiler option to 'es2015' or later.
node_modules/.pnpm/@prisma+client@5.22.0_prisma@5.22.0/node_modules/@prisma/client/runtime/library.d.ts(2319,10): error TS2585: 'Symbol' only refers to a type, but is being used as a value here. Do you need to change your target library? Try changing the 'lib' compiler option to es2015 or later.
node_modules/.pnpm/@prisma+client@5.22.0_prisma@5.22.0/node_modules/@prisma/client/runtime/library.d.ts(2328,10): error TS2585: 'Symbol' only refers to a type, but is being used as a value here. Do you need to change your target library? Try changing the 'lib' compiler option to es2015 or later.
node_modules/.pnpm/@prisma+client@5.22.0_prisma@5.22.0/node_modules/@prisma/client/runtime/library.d.ts(2391,10): error TS2585: 'Symbol' only refers to a type, but is being used as a value here. Do you need to change your target library? Try changing the 'lib' compiler option to es2015 or later.
node_modules/.pnpm/@prisma+client@5.22.0_prisma@5.22.0/node_modules/@prisma/client/runtime/library.d.ts(2398,10): error TS2585: 'Symbol' only refers to a type, but is being used as a value here. Do you need to change your target library? Try changing the 'lib' compiler option to es2015 or later.
node_modules/.pnpm/@prisma+client@5.22.0_prisma@5.22.0/node_modules/@prisma/client/runtime/library.d.ts(2405,10): error TS2585: 'Symbol' only refers to a type, but is being used as a value here. Do you need to change your target library? Try changing the 'lib' compiler option to es2015 or later.
node_modules/.pnpm/@prisma+client@5.22.0_prisma@5.22.0/node_modules/@prisma/client/runtime/library.d.ts(2411,6): error TS2585: 'Symbol' only refers to a type, but is being used as a value here. Do you need to change your target library? Try changing the 'lib' compiler option to es2015 or later.
node_modules/.pnpm/@prisma+client@5.22.0_prisma@5.22.0/node_modules/@prisma/client/runtime/library.d.ts(2693,10): error TS2585: 'Symbol' only refers to a type, but is being used as a value here. Do you need to change your target library? Try changing the 'lib' compiler option to es2015 or later.
packages/database/index.ts(13,5): error TS2580: Cannot find name 'process'. Do you need to install type definitions for node? Try `npm i --save-dev @types/node`.
packages/utils/src/index.ts(1,24): error TS6059: File 'F:/Web Application/Projects/Tools/fb-automation/packages/database/index.ts' is not under 'rootDir' 'F:/Web Application/Projects/Tools/fb-automation/packages/utils/src'. 'rootDir' is expected to contain all source files.
packages/utils/src/index.ts(31,29): error TS2580: Cannot find name 'process'. Do you need to install type definitions for node? Try `npm i --save-dev @types/node`.
packages/utils/src/index.ts(38,84): error TS2705: An async function or method in ES5 requires the 'Promise' constructor.  Make sure you have a declaration for the 'Promise' constructor or include 'ES2015' in your '--lib' option.
packages/utils/src/index.ts(58,91): error TS2705: An async function or method in ES5 requires the 'Promise' constructor.  Make sure you have a declaration for the 'Promise' constructor or include 'ES2015' in your '--lib' option.
packages/utils/src/index.ts(66,20): error TS2550: Property 'includes' does not exist on type 'string'. Do you need to change your target library? Try changing the 'lib' compiler option to 'es2015' or later.
packages/utils/src/index.ts(66,50): error TS2550: Property 'includes' does not exist on type 'string'. Do you need to change your target library? Try changing the 'lib' compiler option to 'es2015' or later.
packages/utils/src/index.ts(70,19): error TS2550: Property 'includes' does not exist on type 'string'. Do you need to change your target library? Try changing the 'lib' compiler option to 'es2015' or later.
packages/utils/src/index.ts(115,23): error TS2705: An async function or method in ES5 requires the 'Promise' constructor.  Make sure you have a declaration for the 'Promise' constructor or include 'ES2015' in your '--lib' option.
packages/utils/src/index.ts(116,36): error TS2585: 'Promise' only refers to a type, but is being used as a value here. Do you need to change your target library? Try changing the 'lib' compiler option to es2015 or later.
packages/utils/tsconfig.json(2,14): error TS6053: File '@fb-automation/typescript-config/base.json' not found.
